<?xml version="1.0" encoding="utf-8"?>
<TestRun id="5b2c16f1-67f8-40d8-b8e6-5cf9f9a7cb7e" name="Conta@VINICIUS-SILVA 2025-12-01 12:03:19" runUser="VINICIUS-SILVA\Conta" xmlns="http://microsoft.com/schemas/VisualStudio/TeamTest/2010">
  <Times creation="2025-12-01T12:03:19.5361213-03:00" queuing="2025-12-01T12:03:19.5361216-03:00" start="2025-12-01T12:03:17.7486282-03:00" finish="2025-12-01T12:03:19.6104625-03:00" />
  <TestSettings name="default" id="11213899-a6ab-431c-95fc-e80598266d76">
    <Deployment runDeploymentRoot="Conta_VINICIUS-SILVA_2025-12-01_12_03_19" />
  </TestSettings>
  <Results>
    <UnitTestResult executionId="b1fb2961-ef90-41de-9387-a700bf0fb860" testId="5f3a6b52-7db9-0a00-a038-3d3542c148d3" testName="Test_1" computerName="VINICIUS-SILVA" duration="00:00:00.0010000" startTime="2025-12-01T12:03:18.8722819-03:00" endTime="2025-12-01T12:03:18.8722819-03:00" testType="13cdc9d9-ddb5-4fa4-a97d-d965ccfc6d4b" outcome="Passed" testListId="8c84fa94-04c1-424b-9868-57a2d4851a1d" relativeResultsDirectory="b1fb2961-ef90-41de-9387-a700bf0fb860">
      <Output>
        <StdOut>Placeholder para critério: [Test scenario 2]</StdOut>
      </Output>
    </UnitTestResult>
    <UnitTestResult executionId="aec59405-5038-48e5-9923-17a50840c066" testId="a44c9741-2eab-9c5f-fafe-5b5df4e96b77" testName="Test_6" computerName="VINICIUS-SILVA" duration="00:00:00.0000001" startTime="2025-12-01T12:03:19.4936546-03:00" endTime="2025-12-01T12:03:19.4936546-03:00" testType="13cdc9d9-ddb5-4fa4-a97d-d965ccfc6d4b" outcome="Passed" testListId="8c84fa94-04c1-424b-9868-57a2d4851a1d" relativeResultsDirectory="aec59405-5038-48e5-9923-17a50840c066">
      <Output>
        <StdOut>Placeholder para critério: **Action:** [Specific action item]</StdOut>
      </Output>
    </UnitTestResult>
    <UnitTestResult executionId="024578ce-5cac-4480-8e00-64603c75955e" testId="a2c7132c-fbd4-4f56-b8c1-1943ccfebb60" testName="Test_10" computerName="VINICIUS-SILVA" duration="00:00:00.0010000" startTime="2025-12-01T12:03:18.8732807-03:00" endTime="2025-12-01T12:03:18.8732807-03:00" testType="13cdc9d9-ddb5-4fa4-a97d-d965ccfc6d4b" outcome="Passed" testListId="8c84fa94-04c1-424b-9868-57a2d4851a1d" relativeResultsDirectory="024578ce-5cac-4480-8e00-64603c75955e">
      <Output>
        <StdOut>Placeholder para critério: **Experiment:** [Description]</StdOut>
      </Output>
    </UnitTestResult>
    <UnitTestResult executionId="786fcf49-d813-42bc-86a9-187103981e3d" testId="186f4acc-eee8-2d0d-c185-dfded47f4db2" testName="Test_13" computerName="VINICIUS-SILVA" duration="00:00:00.0140000" startTime="2025-12-01T12:03:19.4320002-03:00" endTime="2025-12-01T12:03:19.4455180-03:00" testType="13cdc9d9-ddb5-4fa4-a97d-d965ccfc6d4b" outcome="Passed" testListId="8c84fa94-04c1-424b-9868-57a2d4851a1d" relativeResultsDirectory="786fcf49-d813-42bc-86a9-187103981e3d" />
    <UnitTestResult executionId="4c241be0-55f2-41ed-be72-8f8284de7bf8" testId="4a1383f2-a64a-b0d1-9bf8-e5df04278fad" testName="Test_15" computerName="VINICIUS-SILVA" duration="00:00:00.0070000" startTime="2025-12-01T12:03:19.4665553-03:00" endTime="2025-12-01T12:03:19.4730992-03:00" testType="13cdc9d9-ddb5-4fa4-a97d-d965ccfc6d4b" outcome="Failed" testListId="8c84fa94-04c1-424b-9868-57a2d4851a1d" relativeResultsDirectory="4c241be0-55f2-41ed-be72-8f8284de7bf8">
      <Output>
        <ErrorInfo>
          <Message>System.Exception : Initialize should be called only once per unit test execution and XrmFakedContext instance.</Message>
          <StackTrace>   em FakeXrmEasy.XrmFakedContext.Initialize(IEnumerable`1 entities)&#xD;
   em AvaEdu.Tests.CrmTestContext.SetupOcorrenciaDuplicada() na C:\Users\Conta\OneDrive\Documentos\GitHub\AvaEdu\Tests\CrmTestContext.cs:linha 62&#xD;
   em GeneratedTests.GeneratedOcorrenciaTest_15.Test_15() na C:\Users\Conta\OneDrive\Documentos\GitHub\AvaEdu\Tests\Generated\GeneratedOcorrenciaTest_15.cs:linha 14
</StackTrace>
        </ErrorInfo>
      </Output>
    </UnitTestResult>
    <UnitTestResult executionId="cdf51f7c-4d41-4355-bb05-43a6bfbae2b9" testId="2c8dc1e7-2749-30fa-041e-a979257456b2" testName="Test_18" computerName="VINICIUS-SILVA" duration="00:00:00.0010000" startTime="2025-12-01T12:03:19.4750914-03:00" endTime="2025-12-01T12:03:19.4760931-03:00" testType="13cdc9d9-ddb5-4fa4-a97d-d965ccfc6d4b" outcome="Failed" testListId="8c84fa94-04c1-424b-9868-57a2d4851a1d" relativeResultsDirectory="cdf51f7c-4d41-4355-bb05-43a6bfbae2b9">
      <Output>
        <ErrorInfo>
          <Message>System.Exception : Initialize should be called only once per unit test execution and XrmFakedContext instance.</Message>
          <StackTrace>   em FakeXrmEasy.XrmFakedContext.Initialize(IEnumerable`1 entities)&#xD;
   em AvaEdu.Tests.CrmTestContext.SetupOcorrenciaDuplicada() na C:\Users\Conta\OneDrive\Documentos\GitHub\AvaEdu\Tests\CrmTestContext.cs:linha 62&#xD;
   em GeneratedTests.GeneratedOcorrenciaTest_18.Test_18() na C:\Users\Conta\OneDrive\Documentos\GitHub\AvaEdu\Tests\Generated\GeneratedOcorrenciaTest_18.cs:linha 14
</StackTrace>
        </ErrorInfo>
      </Output>
    </UnitTestResult>
    <UnitTestResult executionId="26ef34ed-f74f-4b7e-8b06-062a90ab7e4f" testId="a2bf1719-9d59-3336-94bf-4387dd4be3c8" testName="Test_2" computerName="VINICIUS-SILVA" duration="00:00:00.0000001" startTime="2025-12-01T12:03:19.4760931-03:00" endTime="2025-12-01T12:03:19.4770931-03:00" testType="13cdc9d9-ddb5-4fa4-a97d-d965ccfc6d4b" outcome="Passed" testListId="8c84fa94-04c1-424b-9868-57a2d4851a1d" relativeResultsDirectory="26ef34ed-f74f-4b7e-8b06-062a90ab7e4f">
      <Output>
        <StdOut>Placeholder para critério: [Edge case 1]</StdOut>
      </Output>
    </UnitTestResult>
    <UnitTestResult executionId="a9945959-cdd5-40b8-9010-8bd1c4d45c53" testId="dd368ba2-e997-9c2e-fa31-8abb2dac3089" testName="Test_23" computerName="VINICIUS-SILVA" duration="00:00:00.0010000" startTime="2025-12-01T12:03:19.4916546-03:00" endTime="2025-12-01T12:03:19.4916546-03:00" testType="13cdc9d9-ddb5-4fa4-a97d-d965ccfc6d4b" outcome="Passed" testListId="8c84fa94-04c1-424b-9868-57a2d4851a1d" relativeResultsDirectory="a9945959-cdd5-40b8-9010-8bd1c4d45c53">
      <Output>
        <StdOut>Placeholder para critério: Se a ocorrência estiver com status **Fechado**, o sistema deve **impedir a exclusão** e lançar exceção apropriada.</StdOut>
      </Output>
    </UnitTestResult>
    <UnitTestResult executionId="1e07081f-2eeb-457a-9ad5-fbc0e5f07bf4" testId="ba3b5a2d-bdfa-c9b1-8786-6ba0d4b55b25" testName="Test_21" computerName="VINICIUS-SILVA" duration="00:00:00.0000001" startTime="2025-12-01T12:03:19.4770931-03:00" endTime="2025-12-01T12:03:19.4780948-03:00" testType="13cdc9d9-ddb5-4fa4-a97d-d965ccfc6d4b" outcome="Passed" testListId="8c84fa94-04c1-424b-9868-57a2d4851a1d" relativeResultsDirectory="1e07081f-2eeb-457a-9ad5-fbc0e5f07bf4">
      <Output>
        <StdOut>Placeholder para critério: Quando o status da ocorrência for alterado para **Fechado** e ainda não houver data de conclusão, o sistema deve preencher automaticamente a **data de conclusão** com a data/hora atual.</StdOut>
      </Output>
    </UnitTestResult>
    <UnitTestResult executionId="c49d5e64-5216-44fb-8352-f3c24e10979b" testId="c60cbd5f-4371-33ed-8534-ad918a97b1ba" testName="Test_22" computerName="VINICIUS-SILVA" duration="00:00:00.0130000" startTime="2025-12-01T12:03:19.4780948-03:00" endTime="2025-12-01T12:03:19.4906501-03:00" testType="13cdc9d9-ddb5-4fa4-a97d-d965ccfc6d4b" outcome="Passed" testListId="8c84fa94-04c1-424b-9868-57a2d4851a1d" relativeResultsDirectory="c49d5e64-5216-44fb-8352-f3c24e10979b" />
    <UnitTestResult executionId="7c6d8fe0-e0b8-45f9-b99d-a01534765e91" testId="051d394f-ce38-fcd1-9efb-93027cacad5d" testName="Test_9" computerName="VINICIUS-SILVA" duration="00:00:00.0000001" startTime="2025-12-01T12:03:19.4946535-03:00" endTime="2025-12-01T12:03:19.4956547-03:00" testType="13cdc9d9-ddb5-4fa4-a97d-d965ccfc6d4b" outcome="Passed" testListId="8c84fa94-04c1-424b-9868-57a2d4851a1d" relativeResultsDirectory="7c6d8fe0-e0b8-45f9-b99d-a01534765e91">
      <Output>
        <StdOut>Placeholder para critério: **Action:** [Specific action item]</StdOut>
      </Output>
    </UnitTestResult>
    <UnitTestResult executionId="dcb29575-9c19-4532-be6c-87ad8c0058c0" testId="e901654e-fe20-f545-e602-5a2bc0c5a8c2" testName="Test_12" computerName="VINICIUS-SILVA" duration="00:00:00.5580000" startTime="2025-12-01T12:03:18.8742802-03:00" endTime="2025-12-01T12:03:19.4320002-03:00" testType="13cdc9d9-ddb5-4fa4-a97d-d965ccfc6d4b" outcome="Passed" testListId="8c84fa94-04c1-424b-9868-57a2d4851a1d" relativeResultsDirectory="dcb29575-9c19-4532-be6c-87ad8c0058c0" />
    <UnitTestResult executionId="34c5cd81-6631-408c-9d1e-c9ff241dbf28" testId="86c9cde0-ea7c-3e6b-e739-df347853561f" testName="Test_4" computerName="VINICIUS-SILVA" duration="00:00:00.0000001" startTime="2025-12-01T12:03:19.4926542-03:00" endTime="2025-12-01T12:03:19.4926542-03:00" testType="13cdc9d9-ddb5-4fa4-a97d-d965ccfc6d4b" outcome="Passed" testListId="8c84fa94-04c1-424b-9868-57a2d4851a1d" relativeResultsDirectory="34c5cd81-6631-408c-9d1e-c9ff241dbf28">
      <Output>
        <StdOut>Placeholder para critério: [Error condition 1]</StdOut>
      </Output>
    </UnitTestResult>
    <UnitTestResult executionId="4a73ac5f-d897-4a9e-8622-6bdbe2cacad4" testId="0bcdb7d2-9a6b-7e30-31ed-fdfd2a39e9bc" testName="Test_0" computerName="VINICIUS-SILVA" duration="00:00:00.1040000" startTime="2025-12-01T12:03:18.7615796-03:00" endTime="2025-12-01T12:03:18.8650448-03:00" testType="13cdc9d9-ddb5-4fa4-a97d-d965ccfc6d4b" outcome="Passed" testListId="8c84fa94-04c1-424b-9868-57a2d4851a1d" relativeResultsDirectory="4a73ac5f-d897-4a9e-8622-6bdbe2cacad4">
      <Output>
        <StdOut>Placeholder para critério: [Test scenario 1]</StdOut>
      </Output>
    </UnitTestResult>
    <UnitTestResult executionId="c3431067-6086-4319-b383-04167ba01b39" testId="8af1846a-46f7-f92e-e783-f54d2ad567a5" testName="Test_11" computerName="VINICIUS-SILVA" duration="00:00:00.0000001" startTime="2025-12-01T12:03:18.8732807-03:00" endTime="2025-12-01T12:03:18.8742802-03:00" testType="13cdc9d9-ddb5-4fa4-a97d-d965ccfc6d4b" outcome="Passed" testListId="8c84fa94-04c1-424b-9868-57a2d4851a1d" relativeResultsDirectory="c3431067-6086-4319-b383-04167ba01b39">
      <Output>
        <StdOut>Placeholder para critério: **Experiment:** [Description]</StdOut>
      </Output>
    </UnitTestResult>
    <UnitTestResult executionId="a7a89a18-0103-4018-8eb8-8b098bc68b3c" testId="32411c39-9f4c-595a-dad3-dcf79e927dc7" testName="Test_8" computerName="VINICIUS-SILVA" duration="00:00:00.0000001" startTime="2025-12-01T12:03:19.4946535-03:00" endTime="2025-12-01T12:03:19.4946535-03:00" testType="13cdc9d9-ddb5-4fa4-a97d-d965ccfc6d4b" outcome="Passed" testListId="8c84fa94-04c1-424b-9868-57a2d4851a1d" relativeResultsDirectory="a7a89a18-0103-4018-8eb8-8b098bc68b3c">
      <Output>
        <StdOut>Placeholder para critério: **Action:** [Specific action item]</StdOut>
      </Output>
    </UnitTestResult>
    <UnitTestResult executionId="0ca5a69e-7f0a-4d00-9784-1c2fed9c3a54" testId="3978d6cd-2474-4eba-61bc-ebed9e5c91f1" testName="Test_14" computerName="VINICIUS-SILVA" duration="00:00:00.0200000" startTime="2025-12-01T12:03:19.4455180-03:00" endTime="2025-12-01T12:03:19.4655555-03:00" testType="13cdc9d9-ddb5-4fa4-a97d-d965ccfc6d4b" outcome="Passed" testListId="8c84fa94-04c1-424b-9868-57a2d4851a1d" relativeResultsDirectory="0ca5a69e-7f0a-4d00-9784-1c2fed9c3a54" />
    <UnitTestResult executionId="5edee207-d18f-48d5-812b-ff311d972fc0" testId="9ff2e847-35d8-4760-fe13-93dd4cd6ffb4" testName="Test_16" computerName="VINICIUS-SILVA" duration="00:00:00.0010000" startTime="2025-12-01T12:03:19.4730992-03:00" endTime="2025-12-01T12:03:19.4740952-03:00" testType="13cdc9d9-ddb5-4fa4-a97d-d965ccfc6d4b" outcome="Failed" testListId="8c84fa94-04c1-424b-9868-57a2d4851a1d" relativeResultsDirectory="5edee207-d18f-48d5-812b-ff311d972fc0">
      <Output>
        <ErrorInfo>
          <Message>System.Exception : Initialize should be called only once per unit test execution and XrmFakedContext instance.</Message>
          <StackTrace>   em FakeXrmEasy.XrmFakedContext.Initialize(IEnumerable`1 entities)&#xD;
   em AvaEdu.Tests.CrmTestContext.SetupOcorrenciaDuplicada() na C:\Users\Conta\OneDrive\Documentos\GitHub\AvaEdu\Tests\CrmTestContext.cs:linha 62&#xD;
   em GeneratedTests.GeneratedOcorrenciaTest_16.Test_16() na C:\Users\Conta\OneDrive\Documentos\GitHub\AvaEdu\Tests\Generated\GeneratedOcorrenciaTest_16.cs:linha 14
</StackTrace>
        </ErrorInfo>
      </Output>
    </UnitTestResult>
    <UnitTestResult executionId="06e1aa24-93da-400b-b669-f785330e548c" testId="824eccab-43e6-1690-5712-6efb5db35f73" testName="Test_20" computerName="VINICIUS-SILVA" duration="00:00:00.0000001" startTime="2025-12-01T12:03:19.4770931-03:00" endTime="2025-12-01T12:03:19.4770931-03:00" testType="13cdc9d9-ddb5-4fa4-a97d-d965ccfc6d4b" outcome="Passed" testListId="8c84fa94-04c1-424b-9868-57a2d4851a1d" relativeResultsDirectory="06e1aa24-93da-400b-b669-f785330e548c">
      <Output>
        <StdOut>Placeholder para critério: Se a ocorrência estiver com status **Fechado**, qualquer tentativa de alteração de `Tipo` ou `Assunto` deve ser impedida, lançando exceção.</StdOut>
      </Output>
    </UnitTestResult>
    <UnitTestResult executionId="d90e324f-027b-4069-a1e5-c7caa6417286" testId="fc0d8398-c44b-915a-1489-db9a09e7ec8e" testName="Test_5" computerName="VINICIUS-SILVA" duration="00:00:00.0000001" startTime="2025-12-01T12:03:19.4926542-03:00" endTime="2025-12-01T12:03:19.4936546-03:00" testType="13cdc9d9-ddb5-4fa4-a97d-d965ccfc6d4b" outcome="Passed" testListId="8c84fa94-04c1-424b-9868-57a2d4851a1d" relativeResultsDirectory="d90e324f-027b-4069-a1e5-c7caa6417286">
      <Output>
        <StdOut>Placeholder para critério: [Error condition 2]</StdOut>
      </Output>
    </UnitTestResult>
    <UnitTestResult executionId="397a2eb0-57a0-4410-a6a2-f63118563145" testId="e0381cd5-3a5d-8246-a7c4-be4edd9fab98" testName="Test_3" computerName="VINICIUS-SILVA" duration="00:00:00.0000001" startTime="2025-12-01T12:03:19.4916546-03:00" endTime="2025-12-01T12:03:19.4926542-03:00" testType="13cdc9d9-ddb5-4fa4-a97d-d965ccfc6d4b" outcome="Passed" testListId="8c84fa94-04c1-424b-9868-57a2d4851a1d" relativeResultsDirectory="397a2eb0-57a0-4410-a6a2-f63118563145">
      <Output>
        <StdOut>Placeholder para critério: [Edge case 2]</StdOut>
      </Output>
    </UnitTestResult>
    <UnitTestResult executionId="cb9d07b1-6582-4ee9-8ec5-600eca4db6fb" testId="bf0e6832-7bf9-03bd-2061-a2493e03c805" testName="Test_7" computerName="VINICIUS-SILVA" duration="00:00:00.0000001" startTime="2025-12-01T12:03:19.4936546-03:00" endTime="2025-12-01T12:03:19.4946535-03:00" testType="13cdc9d9-ddb5-4fa4-a97d-d965ccfc6d4b" outcome="Passed" testListId="8c84fa94-04c1-424b-9868-57a2d4851a1d" relativeResultsDirectory="cb9d07b1-6582-4ee9-8ec5-600eca4db6fb">
      <Output>
        <StdOut>Placeholder para critério: **Action:** [Specific action item]</StdOut>
      </Output>
    </UnitTestResult>
    <UnitTestResult executionId="db91b4d6-7269-4c95-ac0d-a987687465c8" testId="150ed217-7a91-0638-d346-96741a585c02" testName="Test_19" computerName="VINICIUS-SILVA" duration="00:00:00.0000001" startTime="2025-12-01T12:03:19.4760931-03:00" endTime="2025-12-01T12:03:19.4760931-03:00" testType="13cdc9d9-ddb5-4fa4-a97d-d965ccfc6d4b" outcome="Passed" testListId="8c84fa94-04c1-424b-9868-57a2d4851a1d" relativeResultsDirectory="db91b4d6-7269-4c95-ac0d-a987687465c8">
      <Output>
        <StdOut>Placeholder para critério: Se a ocorrência estiver com status **Fechado**, qualquer tentativa de alteração em `Nome`, `Email`, `Descrição` ou `CPF` deve ser impedida, lançando exceção.</StdOut>
      </Output>
    </UnitTestResult>
    <UnitTestResult executionId="52d77f56-ea8a-4a07-988d-7c7438f241a8" testId="d3b22399-305f-a821-9c86-991f89ba3007" testName="Test_17" computerName="VINICIUS-SILVA" duration="00:00:00.0010000" startTime="2025-12-01T12:03:19.4740952-03:00" endTime="2025-12-01T12:03:19.4750914-03:00" testType="13cdc9d9-ddb5-4fa4-a97d-d965ccfc6d4b" outcome="Failed" testListId="8c84fa94-04c1-424b-9868-57a2d4851a1d" relativeResultsDirectory="52d77f56-ea8a-4a07-988d-7c7438f241a8">
      <Output>
        <ErrorInfo>
          <Message>System.Exception : Initialize should be called only once per unit test execution and XrmFakedContext instance.</Message>
          <StackTrace>   em FakeXrmEasy.XrmFakedContext.Initialize(IEnumerable`1 entities)&#xD;
   em AvaEdu.Tests.CrmTestContext.SetupOcorrenciaDuplicada() na C:\Users\Conta\OneDrive\Documentos\GitHub\AvaEdu\Tests\CrmTestContext.cs:linha 62&#xD;
   em GeneratedTests.GeneratedOcorrenciaTest_17.Test_17() na C:\Users\Conta\OneDrive\Documentos\GitHub\AvaEdu\Tests\Generated\GeneratedOcorrenciaTest_17.cs:linha 14
</StackTrace>
        </ErrorInfo>
      </Output>
    </UnitTestResult>
  </Results>
  <TestDefinitions>
    <UnitTest name="Test_1" storage="c:\users\conta\onedrive\documentos\github\avaedu\bin\debug\net462\avaedu.dll" id="5f3a6b52-7db9-0a00-a038-3d3542c148d3">
      <Execution id="b1fb2961-ef90-41de-9387-a700bf0fb860" />
      <TestMethod codeBase="C:\Users\Conta\OneDrive\Documentos\GitHub\AvaEdu\bin\Debug\net462\AvaEdu.dll" adapterTypeName="executor://nunit3testexecutor/" className="GeneratedTests.GeneratedOcorrenciaTest_1" name="Test_1" />
    </UnitTest>
    <UnitTest name="Test_15" storage="c:\users\conta\onedrive\documentos\github\avaedu\bin\debug\net462\avaedu.dll" id="4a1383f2-a64a-b0d1-9bf8-e5df04278fad">
      <Execution id="4c241be0-55f2-41ed-be72-8f8284de7bf8" />
      <TestMethod codeBase="C:\Users\Conta\OneDrive\Documentos\GitHub\AvaEdu\bin\Debug\net462\AvaEdu.dll" adapterTypeName="executor://nunit3testexecutor/" className="GeneratedTests.GeneratedOcorrenciaTest_15" name="Test_15" />
    </UnitTest>
    <UnitTest name="Test_0" storage="c:\users\conta\onedrive\documentos\github\avaedu\bin\debug\net462\avaedu.dll" id="0bcdb7d2-9a6b-7e30-31ed-fdfd2a39e9bc">
      <Execution id="4a73ac5f-d897-4a9e-8622-6bdbe2cacad4" />
      <TestMethod codeBase="C:\Users\Conta\OneDrive\Documentos\GitHub\AvaEdu\bin\Debug\net462\AvaEdu.dll" adapterTypeName="executor://nunit3testexecutor/" className="GeneratedTests.GeneratedOcorrenciaTest_0" name="Test_0" />
    </UnitTest>
    <UnitTest name="Test_5" storage="c:\users\conta\onedrive\documentos\github\avaedu\bin\debug\net462\avaedu.dll" id="fc0d8398-c44b-915a-1489-db9a09e7ec8e">
      <Execution id="d90e324f-027b-4069-a1e5-c7caa6417286" />
      <TestMethod codeBase="C:\Users\Conta\OneDrive\Documentos\GitHub\AvaEdu\bin\Debug\net462\AvaEdu.dll" adapterTypeName="executor://nunit3testexecutor/" className="GeneratedTests.GeneratedOcorrenciaTest_5" name="Test_5" />
    </UnitTest>
    <UnitTest name="Test_21" storage="c:\users\conta\onedrive\documentos\github\avaedu\bin\debug\net462\avaedu.dll" id="ba3b5a2d-bdfa-c9b1-8786-6ba0d4b55b25">
      <Execution id="1e07081f-2eeb-457a-9ad5-fbc0e5f07bf4" />
      <TestMethod codeBase="C:\Users\Conta\OneDrive\Documentos\GitHub\AvaEdu\bin\Debug\net462\AvaEdu.dll" adapterTypeName="executor://nunit3testexecutor/" className="GeneratedTests.GeneratedOcorrenciaTest_21" name="Test_21" />
    </UnitTest>
    <UnitTest name="Test_13" storage="c:\users\conta\onedrive\documentos\github\avaedu\bin\debug\net462\avaedu.dll" id="186f4acc-eee8-2d0d-c185-dfded47f4db2">
      <Execution id="786fcf49-d813-42bc-86a9-187103981e3d" />
      <TestMethod codeBase="C:\Users\Conta\OneDrive\Documentos\GitHub\AvaEdu\bin\Debug\net462\AvaEdu.dll" adapterTypeName="executor://nunit3testexecutor/" className="GeneratedTests.GeneratedOcorrenciaTest_13" name="Test_13" />
    </UnitTest>
    <UnitTest name="Test_7" storage="c:\users\conta\onedrive\documentos\github\avaedu\bin\debug\net462\avaedu.dll" id="bf0e6832-7bf9-03bd-2061-a2493e03c805">
      <Execution id="cb9d07b1-6582-4ee9-8ec5-600eca4db6fb" />
      <TestMethod codeBase="C:\Users\Conta\OneDrive\Documentos\GitHub\AvaEdu\bin\Debug\net462\AvaEdu.dll" adapterTypeName="executor://nunit3testexecutor/" className="GeneratedTests.GeneratedOcorrenciaTest_7" name="Test_7" />
    </UnitTest>
    <UnitTest name="Test_2" storage="c:\users\conta\onedrive\documentos\github\avaedu\bin\debug\net462\avaedu.dll" id="a2bf1719-9d59-3336-94bf-4387dd4be3c8">
      <Execution id="26ef34ed-f74f-4b7e-8b06-062a90ab7e4f" />
      <TestMethod codeBase="C:\Users\Conta\OneDrive\Documentos\GitHub\AvaEdu\bin\Debug\net462\AvaEdu.dll" adapterTypeName="executor://nunit3testexecutor/" className="GeneratedTests.GeneratedOcorrenciaTest_2" name="Test_2" />
    </UnitTest>
    <UnitTest name="Test_11" storage="c:\users\conta\onedrive\documentos\github\avaedu\bin\debug\net462\avaedu.dll" id="8af1846a-46f7-f92e-e783-f54d2ad567a5">
      <Execution id="c3431067-6086-4319-b383-04167ba01b39" />
      <TestMethod codeBase="C:\Users\Conta\OneDrive\Documentos\GitHub\AvaEdu\bin\Debug\net462\AvaEdu.dll" adapterTypeName="executor://nunit3testexecutor/" className="GeneratedTests.GeneratedOcorrenciaTest_11" name="Test_11" />
    </UnitTest>
    <UnitTest name="Test_20" storage="c:\users\conta\onedrive\documentos\github\avaedu\bin\debug\net462\avaedu.dll" id="824eccab-43e6-1690-5712-6efb5db35f73">
      <Execution id="06e1aa24-93da-400b-b669-f785330e548c" />
      <TestMethod codeBase="C:\Users\Conta\OneDrive\Documentos\GitHub\AvaEdu\bin\Debug\net462\AvaEdu.dll" adapterTypeName="executor://nunit3testexecutor/" className="GeneratedTests.GeneratedOcorrenciaTest_20" name="Test_20" />
    </UnitTest>
    <UnitTest name="Test_9" storage="c:\users\conta\onedrive\documentos\github\avaedu\bin\debug\net462\avaedu.dll" id="051d394f-ce38-fcd1-9efb-93027cacad5d">
      <Execution id="7c6d8fe0-e0b8-45f9-b99d-a01534765e91" />
      <TestMethod codeBase="C:\Users\Conta\OneDrive\Documentos\GitHub\AvaEdu\bin\Debug\net462\AvaEdu.dll" adapterTypeName="executor://nunit3testexecutor/" className="GeneratedTests.GeneratedOcorrenciaTest_9" name="Test_9" />
    </UnitTest>
    <UnitTest name="Test_23" storage="c:\users\conta\onedrive\documentos\github\avaedu\bin\debug\net462\avaedu.dll" id="dd368ba2-e997-9c2e-fa31-8abb2dac3089">
      <Execution id="a9945959-cdd5-40b8-9010-8bd1c4d45c53" />
      <TestMethod codeBase="C:\Users\Conta\OneDrive\Documentos\GitHub\AvaEdu\bin\Debug\net462\AvaEdu.dll" adapterTypeName="executor://nunit3testexecutor/" className="GeneratedTests.GeneratedOcorrenciaTest_23" name="Test_23" />
    </UnitTest>
    <UnitTest name="Test_6" storage="c:\users\conta\onedrive\documentos\github\avaedu\bin\debug\net462\avaedu.dll" id="a44c9741-2eab-9c5f-fafe-5b5df4e96b77">
      <Execution id="aec59405-5038-48e5-9923-17a50840c066" />
      <TestMethod codeBase="C:\Users\Conta\OneDrive\Documentos\GitHub\AvaEdu\bin\Debug\net462\AvaEdu.dll" adapterTypeName="executor://nunit3testexecutor/" className="GeneratedTests.GeneratedOcorrenciaTest_6" name="Test_6" />
    </UnitTest>
    <UnitTest name="Test_14" storage="c:\users\conta\onedrive\documentos\github\avaedu\bin\debug\net462\avaedu.dll" id="3978d6cd-2474-4eba-61bc-ebed9e5c91f1">
      <Execution id="0ca5a69e-7f0a-4d00-9784-1c2fed9c3a54" />
      <TestMethod codeBase="C:\Users\Conta\OneDrive\Documentos\GitHub\AvaEdu\bin\Debug\net462\AvaEdu.dll" adapterTypeName="executor://nunit3testexecutor/" className="GeneratedTests.GeneratedOcorrenciaTest_14" name="Test_14" />
    </UnitTest>
    <UnitTest name="Test_8" storage="c:\users\conta\onedrive\documentos\github\avaedu\bin\debug\net462\avaedu.dll" id="32411c39-9f4c-595a-dad3-dcf79e927dc7">
      <Execution id="a7a89a18-0103-4018-8eb8-8b098bc68b3c" />
      <TestMethod codeBase="C:\Users\Conta\OneDrive\Documentos\GitHub\AvaEdu\bin\Debug\net462\AvaEdu.dll" adapterTypeName="executor://nunit3testexecutor/" className="GeneratedTests.GeneratedOcorrenciaTest_8" name="Test_8" />
    </UnitTest>
    <UnitTest name="Test_19" storage="c:\users\conta\onedrive\documentos\github\avaedu\bin\debug\net462\avaedu.dll" id="150ed217-7a91-0638-d346-96741a585c02">
      <Execution id="db91b4d6-7269-4c95-ac0d-a987687465c8" />
      <TestMethod codeBase="C:\Users\Conta\OneDrive\Documentos\GitHub\AvaEdu\bin\Debug\net462\AvaEdu.dll" adapterTypeName="executor://nunit3testexecutor/" className="GeneratedTests.GeneratedOcorrenciaTest_19" name="Test_19" />
    </UnitTest>
    <UnitTest name="Test_4" storage="c:\users\conta\onedrive\documentos\github\avaedu\bin\debug\net462\avaedu.dll" id="86c9cde0-ea7c-3e6b-e739-df347853561f">
      <Execution id="34c5cd81-6631-408c-9d1e-c9ff241dbf28" />
      <TestMethod codeBase="C:\Users\Conta\OneDrive\Documentos\GitHub\AvaEdu\bin\Debug\net462\AvaEdu.dll" adapterTypeName="executor://nunit3testexecutor/" className="GeneratedTests.GeneratedOcorrenciaTest_4" name="Test_4" />
    </UnitTest>
    <UnitTest name="Test_10" storage="c:\users\conta\onedrive\documentos\github\avaedu\bin\debug\net462\avaedu.dll" id="a2c7132c-fbd4-4f56-b8c1-1943ccfebb60">
      <Execution id="024578ce-5cac-4480-8e00-64603c75955e" />
      <TestMethod codeBase="C:\Users\Conta\OneDrive\Documentos\GitHub\AvaEdu\bin\Debug\net462\AvaEdu.dll" adapterTypeName="executor://nunit3testexecutor/" className="GeneratedTests.GeneratedOcorrenciaTest_10" name="Test_10" />
    </UnitTest>
    <UnitTest name="Test_22" storage="c:\users\conta\onedrive\documentos\github\avaedu\bin\debug\net462\avaedu.dll" id="c60cbd5f-4371-33ed-8534-ad918a97b1ba">
      <Execution id="c49d5e64-5216-44fb-8352-f3c24e10979b" />
      <TestMethod codeBase="C:\Users\Conta\OneDrive\Documentos\GitHub\AvaEdu\bin\Debug\net462\AvaEdu.dll" adapterTypeName="executor://nunit3testexecutor/" className="GeneratedTests.GeneratedOcorrenciaTest_22" name="Test_22" />
    </UnitTest>
    <UnitTest name="Test_16" storage="c:\users\conta\onedrive\documentos\github\avaedu\bin\debug\net462\avaedu.dll" id="9ff2e847-35d8-4760-fe13-93dd4cd6ffb4">
      <Execution id="5edee207-d18f-48d5-812b-ff311d972fc0" />
      <TestMethod codeBase="C:\Users\Conta\OneDrive\Documentos\GitHub\AvaEdu\bin\Debug\net462\AvaEdu.dll" adapterTypeName="executor://nunit3testexecutor/" className="GeneratedTests.GeneratedOcorrenciaTest_16" name="Test_16" />
    </UnitTest>
    <UnitTest name="Test_3" storage="c:\users\conta\onedrive\documentos\github\avaedu\bin\debug\net462\avaedu.dll" id="e0381cd5-3a5d-8246-a7c4-be4edd9fab98">
      <Execution id="397a2eb0-57a0-4410-a6a2-f63118563145" />
      <TestMethod codeBase="C:\Users\Conta\OneDrive\Documentos\GitHub\AvaEdu\bin\Debug\net462\AvaEdu.dll" adapterTypeName="executor://nunit3testexecutor/" className="GeneratedTests.GeneratedOcorrenciaTest_3" name="Test_3" />
    </UnitTest>
    <UnitTest name="Test_17" storage="c:\users\conta\onedrive\documentos\github\avaedu\bin\debug\net462\avaedu.dll" id="d3b22399-305f-a821-9c86-991f89ba3007">
      <Execution id="52d77f56-ea8a-4a07-988d-7c7438f241a8" />
      <TestMethod codeBase="C:\Users\Conta\OneDrive\Documentos\GitHub\AvaEdu\bin\Debug\net462\AvaEdu.dll" adapterTypeName="executor://nunit3testexecutor/" className="GeneratedTests.GeneratedOcorrenciaTest_17" name="Test_17" />
    </UnitTest>
    <UnitTest name="Test_18" storage="c:\users\conta\onedrive\documentos\github\avaedu\bin\debug\net462\avaedu.dll" id="2c8dc1e7-2749-30fa-041e-a979257456b2">
      <Execution id="cdf51f7c-4d41-4355-bb05-43a6bfbae2b9" />
      <TestMethod codeBase="C:\Users\Conta\OneDrive\Documentos\GitHub\AvaEdu\bin\Debug\net462\AvaEdu.dll" adapterTypeName="executor://nunit3testexecutor/" className="GeneratedTests.GeneratedOcorrenciaTest_18" name="Test_18" />
    </UnitTest>
    <UnitTest name="Test_12" storage="c:\users\conta\onedrive\documentos\github\avaedu\bin\debug\net462\avaedu.dll" id="e901654e-fe20-f545-e602-5a2bc0c5a8c2">
      <Execution id="dcb29575-9c19-4532-be6c-87ad8c0058c0" />
      <TestMethod codeBase="C:\Users\Conta\OneDrive\Documentos\GitHub\AvaEdu\bin\Debug\net462\AvaEdu.dll" adapterTypeName="executor://nunit3testexecutor/" className="GeneratedTests.GeneratedOcorrenciaTest_12" name="Test_12" />
    </UnitTest>
  </TestDefinitions>
  <TestEntries>
    <TestEntry testId="5f3a6b52-7db9-0a00-a038-3d3542c148d3" executionId="b1fb2961-ef90-41de-9387-a700bf0fb860" testListId="8c84fa94-04c1-424b-9868-57a2d4851a1d" />
    <TestEntry testId="a44c9741-2eab-9c5f-fafe-5b5df4e96b77" executionId="aec59405-5038-48e5-9923-17a50840c066" testListId="8c84fa94-04c1-424b-9868-57a2d4851a1d" />
    <TestEntry testId="a2c7132c-fbd4-4f56-b8c1-1943ccfebb60" executionId="024578ce-5cac-4480-8e00-64603c75955e" testListId="8c84fa94-04c1-424b-9868-57a2d4851a1d" />
    <TestEntry testId="186f4acc-eee8-2d0d-c185-dfded47f4db2" executionId="786fcf49-d813-42bc-86a9-187103981e3d" testListId="8c84fa94-04c1-424b-9868-57a2d4851a1d" />
    <TestEntry testId="4a1383f2-a64a-b0d1-9bf8-e5df04278fad" executionId="4c241be0-55f2-41ed-be72-8f8284de7bf8" testListId="8c84fa94-04c1-424b-9868-57a2d4851a1d" />
    <TestEntry testId="2c8dc1e7-2749-30fa-041e-a979257456b2" executionId="cdf51f7c-4d41-4355-bb05-43a6bfbae2b9" testListId="8c84fa94-04c1-424b-9868-57a2d4851a1d" />
    <TestEntry testId="a2bf1719-9d59-3336-94bf-4387dd4be3c8" executionId="26ef34ed-f74f-4b7e-8b06-062a90ab7e4f" testListId="8c84fa94-04c1-424b-9868-57a2d4851a1d" />
    <TestEntry testId="dd368ba2-e997-9c2e-fa31-8abb2dac3089" executionId="a9945959-cdd5-40b8-9010-8bd1c4d45c53" testListId="8c84fa94-04c1-424b-9868-57a2d4851a1d" />
    <TestEntry testId="ba3b5a2d-bdfa-c9b1-8786-6ba0d4b55b25" executionId="1e07081f-2eeb-457a-9ad5-fbc0e5f07bf4" testListId="8c84fa94-04c1-424b-9868-57a2d4851a1d" />
    <TestEntry testId="c60cbd5f-4371-33ed-8534-ad918a97b1ba" executionId="c49d5e64-5216-44fb-8352-f3c24e10979b" testListId="8c84fa94-04c1-424b-9868-57a2d4851a1d" />
    <TestEntry testId="051d394f-ce38-fcd1-9efb-93027cacad5d" executionId="7c6d8fe0-e0b8-45f9-b99d-a01534765e91" testListId="8c84fa94-04c1-424b-9868-57a2d4851a1d" />
    <TestEntry testId="e901654e-fe20-f545-e602-5a2bc0c5a8c2" executionId="dcb29575-9c19-4532-be6c-87ad8c0058c0" testListId="8c84fa94-04c1-424b-9868-57a2d4851a1d" />
    <TestEntry testId="86c9cde0-ea7c-3e6b-e739-df347853561f" executionId="34c5cd81-6631-408c-9d1e-c9ff241dbf28" testListId="8c84fa94-04c1-424b-9868-57a2d4851a1d" />
    <TestEntry testId="0bcdb7d2-9a6b-7e30-31ed-fdfd2a39e9bc" executionId="4a73ac5f-d897-4a9e-8622-6bdbe2cacad4" testListId="8c84fa94-04c1-424b-9868-57a2d4851a1d" />
    <TestEntry testId="8af1846a-46f7-f92e-e783-f54d2ad567a5" executionId="c3431067-6086-4319-b383-04167ba01b39" testListId="8c84fa94-04c1-424b-9868-57a2d4851a1d" />
    <TestEntry testId="32411c39-9f4c-595a-dad3-dcf79e927dc7" executionId="a7a89a18-0103-4018-8eb8-8b098bc68b3c" testListId="8c84fa94-04c1-424b-9868-57a2d4851a1d" />
    <TestEntry testId="3978d6cd-2474-4eba-61bc-ebed9e5c91f1" executionId="0ca5a69e-7f0a-4d00-9784-1c2fed9c3a54" testListId="8c84fa94-04c1-424b-9868-57a2d4851a1d" />
    <TestEntry testId="9ff2e847-35d8-4760-fe13-93dd4cd6ffb4" executionId="5edee207-d18f-48d5-812b-ff311d972fc0" testListId="8c84fa94-04c1-424b-9868-57a2d4851a1d" />
    <TestEntry testId="824eccab-43e6-1690-5712-6efb5db35f73" executionId="06e1aa24-93da-400b-b669-f785330e548c" testListId="8c84fa94-04c1-424b-9868-57a2d4851a1d" />
    <TestEntry testId="fc0d8398-c44b-915a-1489-db9a09e7ec8e" executionId="d90e324f-027b-4069-a1e5-c7caa6417286" testListId="8c84fa94-04c1-424b-9868-57a2d4851a1d" />
    <TestEntry testId="e0381cd5-3a5d-8246-a7c4-be4edd9fab98" executionId="397a2eb0-57a0-4410-a6a2-f63118563145" testListId="8c84fa94-04c1-424b-9868-57a2d4851a1d" />
    <TestEntry testId="bf0e6832-7bf9-03bd-2061-a2493e03c805" executionId="cb9d07b1-6582-4ee9-8ec5-600eca4db6fb" testListId="8c84fa94-04c1-424b-9868-57a2d4851a1d" />
    <TestEntry testId="150ed217-7a91-0638-d346-96741a585c02" executionId="db91b4d6-7269-4c95-ac0d-a987687465c8" testListId="8c84fa94-04c1-424b-9868-57a2d4851a1d" />
    <TestEntry testId="d3b22399-305f-a821-9c86-991f89ba3007" executionId="52d77f56-ea8a-4a07-988d-7c7438f241a8" testListId="8c84fa94-04c1-424b-9868-57a2d4851a1d" />
  </TestEntries>
  <TestLists>
    <TestList name="Resultados que não estão em uma lista" id="8c84fa94-04c1-424b-9868-57a2d4851a1d" />
    <TestList name="Todos os resultados carregados" id="19431567-8539-422a-85d7-44ee4e166bda" />
  </TestLists>
  <ResultSummary outcome="Failed">
    <Counters total="24" executed="24" passed="20" failed="4" error="0" timeout="0" aborted="0" inconclusive="0" passedButRunAborted="0" notRunnable="0" notExecuted="0" disconnected="0" warning="0" completed="0" inProgress="0" pending="0" />
    <Output>
      <StdOut>NUnit Adapter 4.5.0.0: Test execution started&#xD;
Running all tests in C:\Users\Conta\OneDrive\Documentos\GitHub\AvaEdu\bin\Debug\net462\AvaEdu.dll&#xD;
   NUnit3TestExecutor discovered 24 of 24 NUnit test cases using Current Discovery mode, Non-Explicit run&#xD;
Test_0: Placeholder para critério: [Test scenario 1]&#xD;
Test_1: Placeholder para critério: [Test scenario 2]&#xD;
Test_10: Placeholder para critério: **Experiment:** [Description]&#xD;
Test_11: Placeholder para critério: **Experiment:** [Description]&#xD;
Test_19: Placeholder para critério: Se a ocorrência estiver com status **Fechado**, qualquer tentativa de alteração em `Nome`, `Email`, `Descrição` ou `CPF` deve ser impedida, lançando exceção.&#xD;
Test_2: Placeholder para critério: [Edge case 1]&#xD;
Test_20: Placeholder para critério: Se a ocorrência estiver com status **Fechado**, qualquer tentativa de alteração de `Tipo` ou `Assunto` deve ser impedida, lançando exceção.&#xD;
Test_21: Placeholder para critério: Quando o status da ocorrência for alterado para **Fechado** e ainda não houver data de conclusão, o sistema deve preencher automaticamente a **data de conclusão** com a data/hora atual.&#xD;
Test_23: Placeholder para critério: Se a ocorrência estiver com status **Fechado**, o sistema deve **impedir a exclusão** e lançar exceção apropriada.&#xD;
Test_3: Placeholder para critério: [Edge case 2]&#xD;
Test_4: Placeholder para critério: [Error condition 1]&#xD;
Test_5: Placeholder para critério: [Error condition 2]&#xD;
Test_6: Placeholder para critério: **Action:** [Specific action item]&#xD;
Test_7: Placeholder para critério: **Action:** [Specific action item]&#xD;
Test_8: Placeholder para critério: **Action:** [Specific action item]&#xD;
Test_9: Placeholder para critério: **Action:** [Specific action item]&#xD;
NUnit Adapter 4.5.0.0: Test execution complete&#xD;
</StdOut>
    </Output>
  </ResultSummary>
</TestRun>